// Jest Snapshot v1, https://goo.gl/fbAQLP

exports[`<TeaDetailsPage /> renders consistently 1`] = `
<DocumentFragment>
  <div
    class="ion-page"
  >
    <ion-header>
      <ion-toolbar>
        <ion-buttons
          slot="start"
        >
          <ion-back-button
            default-href="/tea"
          />
        </ion-buttons>
        <ion-title>
          Details
        </ion-title>
      </ion-toolbar>
    </ion-header>
    <ion-content>
      <ion-header
        collapse="condense"
      >
        <ion-toolbar>
          <ion-title
            size="large"
          >
            Details
          </ion-title>
        </ion-toolbar>
      </ion-header>
      <div
        class="ion-padding"
      >
        <div
          class="ion-justify-content-center"
        >
          <ion-img
            src="green.jpg"
          />
        </div>
        <h1>
          Green
        </h1>
        <p>
          Green teas have the oxidation process stopped very early on, leaving them with a very subtle flavor and complex undertones. These teas should be steeped at lower temperatures for shorter periods of time.
        </p>
      </div>
    </ion-content>
  </div>
</DocumentFragment>
`;
